// Jest Snapshot v1, https://goo.gl/fbAQLP

exports[`requestTodos Saga should dispatch requestTodosFailed on api error 1`] = `
Object {
  "@@redux-saga/IO": true,
  "combinator": false,
  "payload": Object {
    "args": Array [],
    "context": null,
    "fn": [Function],
  },
  "type": "CALL",
}
`;

exports[`requestTodos Saga should dispatch requestTodosSucceeded on api success 1`] = `
Object {
  "@@redux-saga/IO": true,
  "combinator": false,
  "payload": Object {
    "args": Array [],
    "context": null,
    "fn": [Function],
  },
  "type": "CALL",
}
`;
